I: Using Apktool 2.12.1 on base.apk
I: Baksmaling classes.dex...
I: Baksmaling classes10.dex...
I: Baksmaling classes11.dex...
I: Baksmaling classes12.dex...
I: Baksmaling classes13.dex...
I: Baksmaling classes14.dex...
I: Baksmaling classes15.dex...
I: Baksmaling classes16.dex...
I: Baksmaling classes17.dex...
I: Baksmaling classes18.dex...
I: Baksmaling classes19.dex...
I: Baksmaling classes2.dex...
I: Baksmaling classes20.dex...
I: Baksmaling classes21.dex...
I: Baksmaling classes22.dex...
I: Baksmaling classes23.dex...
I: Baksmaling classes24.dex...
I: Baksmaling classes25.dex...
I: Baksmaling classes26.dex...
I: Baksmaling classes27.dex...
I: Baksmaling classes28.dex...
I: Baksmaling classes29.dex...
I: Baksmaling classes3.dex...
I: Baksmaling classes30.dex...
I: Baksmaling classes31.dex...
I: Baksmaling classes32.dex...
I: Baksmaling classes33.dex...
I: Baksmaling classes34.dex...
I: Baksmaling classes35.dex...
I: Baksmaling classes36.dex...
I: Baksmaling classes37.dex...
I: Baksmaling classes38.dex...
I: Baksmaling classes39.dex...
I: Baksmaling classes4.dex...
I: Baksmaling classes40.dex...
I: Baksmaling classes41.dex...
I: Baksmaling classes42.dex...
I: Baksmaling classes43.dex...
I: Baksmaling classes44.dex...
I: Baksmaling classes45.dex...
I: Baksmaling classes46.dex...
I: Baksmaling classes47.dex...
I: Baksmaling classes48.dex...
I: Baksmaling classes49.dex...
I: Baksmaling classes5.dex...
I: Baksmaling classes6.dex...
I: Baksmaling classes7.dex...
I: Baksmaling classes8.dex...
I: Baksmaling classes9.dex...
I: Loading resource table...
I: Decoding file-resources...
I: Loading resource table from file: /root/.local/share/apktool/framework/1.apk
I: Decoding values */* XMLs...
I: Decoding AndroidManifest.xml with resources...
W: Could not decode attr value, using undecoded value instead: ns=android, name=resource, value=0x550f0000
I: Copying original files...
I: Copying assets...
I: Copying lib...
I: Copying unknown files...
