INFO: Loading patches 
INFO: Deleting existing temporary files directory 
INFO: Decoding app manifest 
INFO: "Export all activities" disabled 
INFO: "Hide ADB status" disabled 
INFO: "Hide app icon" disabled 
INFO: "Spoof build info" disabled 
INFO: "Hide mock location" disabled 
INFO: "Spoof SIM country" disabled 
INFO: "Spoof Wi-Fi connection" disabled 
INFO: "Enable Android debugging" disabled 
INFO: "Export internal data documents provider" disabled 
INFO: "Hex" disabled 
INFO: "Predictive back gesture" disabled 
INFO: "Override certificate pinning" disabled 
INFO: "Change package name" disabled 
INFO: "Remove screen capture restriction" disabled 
INFO: "Remove screenshot restriction" disabled 
INFO: "Remove share targets" disabled 
INFO: "Enable ROM signature spoofing" disabled 
INFO: "Set target SDK version 34" disabled 
INFO: "Change version code" disabled 
INFO: "Disable Pairip license check" disabled 
INFO: "SIM spoof" disabled 
INFO: Setting patch options 
INFO: Initializing lookup maps 
INFO: Executing patches 
INFO: "Disable login requirement" succeeded 
INFO: "Downloads" succeeded 
INFO: "Feed filter" succeeded 
INFO: "Fix Google login" succeeded 
INFO: "Playback speed" succeeded 
INFO: "Remember clear display" succeeded 
INFO: "Sanitize share URLs" succeeded 
INFO: "Settings" succeeded 
INFO: "Show seekbar" succeeded 
INFO: Aligning APK 
INFO: Signing APK 
INFO: Saved to /home/rafa/Documents/GitHub/revanced-research/apps/tiktok/36.5.4/revanced-builds/phase6-revanced-aligned.apk 
